// Jest Snapshot v1, https://goo.gl/fbAQLP

exports[`AddressContainer component should render without crashing 1`] = `
<Address
  address=""
  countryFlagURL=""
/>
`;
