// Jest Snapshot v1, https://goo.gl/fbAQLP

exports[`LanguageSelectContainer component should render without crashing 1`] = `
<LanguageSelect
  onLanguageChange={null}
  query=""
/>
`;
