// Jest Snapshot v1, https://goo.gl/fbAQLP

exports[`ModalContainer component should render without crashing 1`] = `
<Modal
  language=""
  onClose={null}
/>
`;
