// Jest Snapshot v1, https://goo.gl/fbAQLP

exports[`MapBox component should render without crashing 1`] = `
<div
  className="container"
/>
`;
