// Jest Snapshot v1, https://goo.gl/fbAQLP

exports[`Info component should render without crashing 1`] = `
<div
  className="wrapper"
>
  <div
    className="currentInfoMapContainer"
  >
    <div
      className="currentInfoContainer"
    >
      <Memo(Connect(AddressContainer)) />
      <Memo(Connect(CurrentDateContainer)) />
      <Memo(Connect(CurrentWeatherContainer)) />
    </div>
    <Memo(Connect(MapBoxContainer)) />
  </div>
  <Memo(Connect(WeeklyWeatherContainer)) />
</div>
`;
