// Jest Snapshot v1, https://goo.gl/fbAQLP

exports[`WeeklyWeather component should render without crashing 1`] = `
<div
  className="wrapper"
>
  <WeeklyWeatherCard
    icon="Sunny"
    temp={15}
    weekday="Tuesday"
  />
  <WeeklyWeatherCard
    icon="Clouds"
    temp={18}
    weekday="Wednesday"
  />
</div>
`;
