// Jest Snapshot v1, https://goo.gl/fbAQLP

exports[`TemperatureScaleButton component should render without crashing 1`] = `
<button
  className="button"
  onClick={[Function]}
  style={
    Object {
      "border": "2px solid #fff",
    }
  }
  type="button"
>
  F
</button>
`;
