// Jest Snapshot v1, https://goo.gl/fbAQLP

exports[`TemperatureScaleButtonContainer component should render without crashing 1`] = `
<TemperatureScaleButton
  onScaleButtonClick={null}
  scale=""
  temperatureScale=""
/>
`;
