// Jest Snapshot v1, https://goo.gl/fbAQLP

exports[`CurrentWeatherContainer component should render without crashing 1`] = `
<CurrentWeather
  currentWeather={Object {}}
/>
`;
