// Jest Snapshot v1, https://goo.gl/fbAQLP

exports[`CurrentDate component should render without crashing 1`] = `
<div
  className="wrapper"
>
  
</div>
`;
