// Jest Snapshot v1, https://goo.gl/fbAQLP

exports[`CurrentDateContainer component should render without crashing 1`] = `
<CurrentDate
  currentDate=""
/>
`;
