// Jest Snapshot v1, https://goo.gl/fbAQLP

exports[`App component should render with other elements depends on props 1`] = `
<React.Fragment>
  <div
    className="wrapper"
    style={
      Object {
        "backgroundImage": "linear-gradient(0deg, rgba(0,0,0,.4) 0%, rgba(0,0,0,.5) 100%), url()",
      }
    }
  >
    <NavBar />
    <Info />
  </div>
  <Memo(Connect(ModalContainer)) />
</React.Fragment>
`;

exports[`App component should render without crashing 1`] = `
<React.Fragment>
  <Spinner />
</React.Fragment>
`;
