// Jest Snapshot v1, https://goo.gl/fbAQLP

exports[`AppContainer component should render without crashing 1`] = `
<App
  backgroundImageURL=""
  isModalOpen={false}
/>
`;
